============================= test session starts =============================
collecting ... collected 30 items / 3 errors

=================================== ERRORS ====================================
______________ ERROR collecting tests/test_data/test_datasets.py ______________
ImportError while importing test module 'C:\Users\Snhu\OneDrive - SNHU\Documents\alu-machine_learning\Fed-Vis_Mission-Capstone\tests\test_data\test_datasets.py'.
Hint: make sure your test modules/packages have valid Python names.
Traceback:
..\..\..\..\AppData\Roaming\Python\Python314\site-packages\_pytest\python.py:507: in importtestmodule
    mod = import_path(
..\..\..\..\AppData\Roaming\Python\Python314\site-packages\_pytest\pathlib.py:587: in import_path
    importlib.import_module(module_name)
C:\Python314\Lib\importlib\__init__.py:88: in import_module
    return _bootstrap._gcd_import(name[level:], package, level)
           ^^^^^^^^^^^^^^^^^^^^^^^^^^^^^^^^^^^^^^^^^^^^^^^^^^^^
<frozen importlib._bootstrap>:1398: in _gcd_import
    ???
<frozen importlib._bootstrap>:1371: in _find_and_load
    ???
<frozen importlib._bootstrap>:1342: in _find_and_load_unlocked
    ???
<frozen importlib._bootstrap>:938: in _load_unlocked
    ???
..\..\..\..\AppData\Roaming\Python\Python314\site-packages\_pytest\assertion\rewrite.py:197: in exec_module
    exec(co, module.__dict__)
tests\test_data\test_datasets.py:17: in <module>
    from fedvis.data.base import BaseDataset3D
E   ModuleNotFoundError: No module named 'fedvis.data.base'; 'fedvis.data' is not a package
_____________ ERROR collecting tests/test_data/test_harmonize.py ______________
ImportError while importing test module 'C:\Users\Snhu\OneDrive - SNHU\Documents\alu-machine_learning\Fed-Vis_Mission-Capstone\tests\test_data\test_harmonize.py'.
Hint: make sure your test modules/packages have valid Python names.
Traceback:
..\..\..\..\AppData\Roaming\Python\Python314\site-packages\_pytest\python.py:507: in importtestmodule
    mod = import_path(
..\..\..\..\AppData\Roaming\Python\Python314\site-packages\_pytest\pathlib.py:587: in import_path
    importlib.import_module(module_name)
C:\Python314\Lib\importlib\__init__.py:88: in import_module
    return _bootstrap._gcd_import(name[level:], package, level)
           ^^^^^^^^^^^^^^^^^^^^^^^^^^^^^^^^^^^^^^^^^^^^^^^^^^^^
<frozen importlib._bootstrap>:1398: in _gcd_import
    ???
<frozen importlib._bootstrap>:1371: in _find_and_load
    ???
<frozen importlib._bootstrap>:1342: in _find_and_load_unlocked
    ???
<frozen importlib._bootstrap>:938: in _load_unlocked
    ???
..\..\..\..\AppData\Roaming\Python\Python314\site-packages\_pytest\assertion\rewrite.py:197: in exec_module
    exec(co, module.__dict__)
tests\test_data\test_harmonize.py:6: in <module>
    from fedvis.data.harmonize import (
E   ModuleNotFoundError: No module named 'fedvis.data.harmonize'; 'fedvis.data' is not a package
___________ ERROR collecting tests/test_data/test_preprocessing.py ____________
ImportError while importing test module 'C:\Users\Snhu\OneDrive - SNHU\Documents\alu-machine_learning\Fed-Vis_Mission-Capstone\tests\test_data\test_preprocessing.py'.
Hint: make sure your test modules/packages have valid Python names.
Traceback:
..\..\..\..\AppData\Roaming\Python\Python314\site-packages\_pytest\python.py:507: in importtestmodule
    mod = import_path(
..\..\..\..\AppData\Roaming\Python\Python314\site-packages\_pytest\pathlib.py:587: in import_path
    importlib.import_module(module_name)
C:\Python314\Lib\importlib\__init__.py:88: in import_module
    return _bootstrap._gcd_import(name[level:], package, level)
           ^^^^^^^^^^^^^^^^^^^^^^^^^^^^^^^^^^^^^^^^^^^^^^^^^^^^
<frozen importlib._bootstrap>:1398: in _gcd_import
    ???
<frozen importlib._bootstrap>:1371: in _find_and_load
    ???
<frozen importlib._bootstrap>:1342: in _find_and_load_unlocked
    ???
<frozen importlib._bootstrap>:938: in _load_unlocked
    ???
..\..\..\..\AppData\Roaming\Python\Python314\site-packages\_pytest\assertion\rewrite.py:197: in exec_module
    exec(co, module.__dict__)
tests\test_data\test_preprocessing.py:12: in <module>
    from fedvis.data.preprocessing import (
E   ModuleNotFoundError: No module named 'fedvis.data.preprocessing'; 'fedvis.data' is not a package
=========================== short test summary info ===========================
ERROR tests/test_data/test_datasets.py
ERROR tests/test_data/test_harmonize.py
ERROR tests/test_data/test_preprocessing.py
!!!!!!!!!!!!!!!!!!! Interrupted: 3 errors during collection !!!!!!!!!!!!!!!!!!!
============================== 3 errors in 8.03s ==============================
